// Jest Snapshot v1, https://goo.gl/fbAQLP

exports[`hello1.4gl 1`] = `
main 
  display "hello "
end main
~~~~~~~~~~~~~~~~~~~~~~~~~~~~~~~~~~~~~~~~~~~~~~~~~~~~~~~~~~~~~~~~~~~~~~~~~~~~~~~~
[
  {
    "kind": "program",
    "value": [
      {
        "kind": "main",
        "offset": {
          "start": 0,
          "end": 34
        },
        "line": 1,
        "column": 1,
        "value": [
          [
            {
              "kind": "keyword",
              "offset": {
                "start": 0,
                "end": 4
              },
              "line": 1,
              "column": 1,
              "value": "main"
            },
            {
              "kind": "whitespace",
              "offset": {
                "start": 4,
                "end": 8
              },
              "line": 1,
              "column": 5,
              "value": " \\n  "
            }
          ],
          {
            "kind": "block",
            "offset": {
              "start": 8,
              "end": 25
            },
            "line": 2,
            "column": 3,
            "value": [
              {
                "kind": "command",
                "offset": {
                  "start": 8,
                  "end": 25
                },
                "line": 2,
                "column": 3,
                "value": [
                  null,
                  [
                    {
                      "kind": "keyword",
                      "offset": {
                        "start": 8,
                        "end": 15
                      },
                      "line": 2,
                      "column": 3,
                      "value": "display"
                    },
                    {
                      "kind": "whitespace",
                      "offset": {
                        "start": 15,
                        "end": 16
                      },
                      "line": 2,
                      "column": 10,
                      "value": " "
                    },
                    [
                      {
                        "kind": "string",
                        "offset": {
                          "start": 16,
                          "end": 24
                        },
                        "line": 2,
                        "column": 11,
                        "value": {
                          "type": "string",
                          "value": [
                            "\\"",
                            "hello ",
                            "\\""
                          ]
                        }
                      }
                    ]
                  ],
                  {
                    "kind": "whitespace",
                    "offset": {
                      "start": 24,
                      "end": 25
                    },
                    "line": 2,
                    "column": 19,
                    "value": "\\n"
                  },
                  null,
                  null
                ]
              }
            ]
          },
          [
            {
              "kind": "keyword",
              "offset": {
                "start": 25,
                "end": 28
              },
              "line": 3,
              "column": 1,
              "value": "end"
            },
            {
              "kind": "whitespace",
              "offset": {
                "start": 28,
                "end": 29
              },
              "line": 3,
              "column": 4,
              "value": " "
            },
            {
              "kind": "keyword",
              "offset": {
                "start": 29,
                "end": 33
              },
              "line": 3,
              "column": 5,
              "value": "main"
            },
            {
              "kind": "whitespace",
              "offset": {
                "start": 33,
                "end": 34
              },
              "line": 3,
              "column": 9,
              "value": "\\n"
            }
          ]
        ]
      }
    ]
  }
]
`;

exports[`hello2.4gl 1`] = `
main 

  define nome char(50) # abc
  prompt "digite seu nome : " for nome
  
  call fgl_winmessage( "hello",nome, "info")
  
end main
~~~~~~~~~~~~~~~~~~~~~~~~~~~~~~~~~~~~~~~~~~~~~~~~~~~~~~~~~~~~~~~~~~~~~~~~~~~~~~~~
[
  {
    "kind": "program",
    "value": [
      {
        "kind": "main",
        "offset": {
          "start": 0,
          "end": 135
        },
        "line": 1,
        "column": 1,
        "value": [
          [
            {
              "kind": "keyword",
              "offset": {
                "start": 0,
                "end": 4
              },
              "line": 1,
              "column": 1,
              "value": "main"
            },
            {
              "kind": "whitespace",
              "offset": {
                "start": 4,
                "end": 9
              },
              "line": 1,
              "column": 5,
              "value": " \\n\\n  "
            }
          ],
          {
            "kind": "block",
            "offset": {
              "start": 9,
              "end": 126
            },
            "line": 3,
            "column": 3,
            "value": [
              {
                "kind": "command",
                "offset": {
                  "start": 9,
                  "end": 36
                },
                "line": 3,
                "column": 3,
                "value": [
                  null,
                  [
                    {
                      "kind": "keyword",
                      "offset": {
                        "start": 9,
                        "end": 15
                      },
                      "line": 3,
                      "column": 3,
                      "value": "define"
                    },
                    {
                      "kind": "whitespace",
                      "offset": {
                        "start": 15,
                        "end": 16
                      },
                      "line": 3,
                      "column": 9,
                      "value": " "
                    },
                    {
                      "kind": "identifier",
                      "offset": {
                        "start": 16,
                        "end": 20
                      },
                      "line": 3,
                      "column": 10,
                      "value": "nome"
                    },
                    {
                      "kind": "whitespace",
                      "offset": {
                        "start": 20,
                        "end": 21
                      },
                      "line": 3,
                      "column": 14,
                      "value": " "
                    },
                    [
                      {
                        "kind": "keyword",
                        "offset": {
                          "start": 21,
                          "end": 25
                        },
                        "line": 3,
                        "column": 15,
                        "value": "char"
                      },
                      [
                        {
                          "kind": "bracket",
                          "offset": {
                            "start": 25,
                            "end": 26
                          },
                          "line": 3,
                          "column": 19,
                          "value": "("
                        },
                        {
                          "kind": "number",
                          "offset": {
                            "start": 26,
                            "end": 28
                          },
                          "line": 3,
                          "column": 20,
                          "value": {
                            "type": "integer",
                            "value": null
                          }
                        },
                        {
                          "kind": "bracket",
                          "offset": {
                            "start": 28,
                            "end": 29
                          },
                          "line": 3,
                          "column": 22,
                          "value": ")"
                        }
                      ]
                    ]
                  ],
                  {
                    "kind": "whitespace",
                    "offset": {
                      "start": 29,
                      "end": 30
                    },
                    "line": 3,
                    "column": 23,
                    "value": " "
                  },
                  {
                    "kind": "comment",
                    "offset": {
                      "start": 30,
                      "end": 36
                    },
                    "line": 3,
                    "column": 24,
                    "value": [
                      "#",
                      [
                        [
                          null,
                          " "
                        ],
                        [
                          null,
                          "a"
                        ],
                        [
                          null,
                          "b"
                        ],
                        [
                          null,
                          "c"
                        ]
                      ],
                      {
                        "kind": "whitespace",
                        "offset": {
                          "start": 35,
                          "end": 36
                        },
                        "line": 3,
                        "column": 29,
                        "value": "\\n"
                      }
                    ]
                  },
                  null
                ]
              },
              {
                "kind": "command",
                "offset": {
                  "start": 36,
                  "end": 80
                },
                "line": 4,
                "column": 1,
                "value": [
                  {
                    "kind": "whitespace",
                    "offset": {
                      "start": 36,
                      "end": 38
                    },
                    "line": 4,
                    "column": 1,
                    "value": "  "
                  },
                  [
                    {
                      "kind": "keyword",
                      "offset": {
                        "start": 38,
                        "end": 44
                      },
                      "line": 4,
                      "column": 3,
                      "value": "prompt"
                    },
                    {
                      "kind": "whitespace",
                      "offset": {
                        "start": 44,
                        "end": 45
                      },
                      "line": 4,
                      "column": 9,
                      "value": " "
                    },
                    {
                      "kind": "string",
                      "offset": {
                        "start": 45,
                        "end": 65
                      },
                      "line": 4,
                      "column": 10,
                      "value": {
                        "type": "string",
                        "value": [
                          "\\"",
                          "digite seu nome : ",
                          "\\""
                        ]
                      }
                    },
                    {
                      "kind": "whitespace",
                      "offset": {
                        "start": 65,
                        "end": 66
                      },
                      "line": 4,
                      "column": 30,
                      "value": " "
                    },
                    {
                      "kind": "keyword",
                      "offset": {
                        "start": 66,
                        "end": 69
                      },
                      "line": 4,
                      "column": 31,
                      "value": "for"
                    },
                    {
                      "kind": "whitespace",
                      "offset": {
                        "start": 69,
                        "end": 70
                      },
                      "line": 4,
                      "column": 34,
                      "value": " "
                    },
                    {
                      "kind": "identifier",
                      "offset": {
                        "start": 70,
                        "end": 74
                      },
                      "line": 4,
                      "column": 35,
                      "value": "nome"
                    }
                  ],
                  {
                    "kind": "whitespace",
                    "offset": {
                      "start": 74,
                      "end": 80
                    },
                    "line": 4,
                    "column": 39,
                    "value": "\\n  \\n  "
                  },
                  null,
                  null
                ]
              },
              {
                "kind": "command",
                "offset": {
                  "start": 80,
                  "end": 126
                },
                "line": 6,
                "column": 3,
                "value": [
                  null,
                  [
                    {
                      "kind": "keyword",
                      "offset": {
                        "start": 80,
                        "end": 84
                      },
                      "line": 6,
                      "column": 3,
                      "value": "call"
                    },
                    {
                      "kind": "whitespace",
                      "offset": {
                        "start": 84,
                        "end": 85
                      },
                      "line": 6,
                      "column": 7,
                      "value": " "
                    },
                    {
                      "kind": "identifier",
                      "offset": {
                        "start": 85,
                        "end": 99
                      },
                      "line": 6,
                      "column": 8,
                      "value": "fgl_winmessage"
                    },
                    null,
                    [
                      {
                        "kind": "bracket",
                        "offset": {
                          "start": 99,
                          "end": 100
                        },
                        "line": 6,
                        "column": 22,
                        "value": "("
                      },
                      [
                        [
                          {
                            "kind": "string",
                            "offset": {
                              "start": 101,
                              "end": 108
                            },
                            "line": 6,
                            "column": 24,
                            "value": {
                              "type": "string",
                              "value": [
                                "\\"",
                                "hello",
                                "\\""
                              ]
                            }
                          }
                        ],
                        [
                          {
                            "kind": "variable",
                            "offset": {
                              "start": 109,
                              "end": 113
                            },
                            "line": 6,
                            "column": 32,
                            "value": {
                              "kind": "identifier",
                              "offset": {
                                "start": 109,
                                "end": 113
                              },
                              "line": 6,
                              "column": 32,
                              "value": "nome"
                            }
                          }
                        ],
                        [
                          {
                            "kind": "string",
                            "offset": {
                              "start": 115,
                              "end": 121
                            },
                            "line": 6,
                            "column": 38,
                            "value": {
                              "type": "string",
                              "value": [
                                "\\"",
                                "info",
                                "\\""
                              ]
                            }
                          }
                        ]
                      ],
                      {
                        "kind": "bracket",
                        "offset": {
                          "start": 121,
                          "end": 122
                        },
                        "line": 6,
                        "column": 44,
                        "value": ")"
                      }
                    ],
                    null
                  ],
                  {
                    "kind": "whitespace",
                    "offset": {
                      "start": 122,
                      "end": 126
                    },
                    "line": 6,
                    "column": 45,
                    "value": "\\n  \\n"
                  },
                  null,
                  null
                ]
              }
            ]
          },
          [
            {
              "kind": "keyword",
              "offset": {
                "start": 126,
                "end": 129
              },
              "line": 8,
              "column": 1,
              "value": "end"
            },
            {
              "kind": "whitespace",
              "offset": {
                "start": 129,
                "end": 130
              },
              "line": 8,
              "column": 4,
              "value": " "
            },
            {
              "kind": "keyword",
              "offset": {
                "start": 130,
                "end": 134
              },
              "line": 8,
              "column": 5,
              "value": "main"
            },
            {
              "kind": "whitespace",
              "offset": {
                "start": 134,
                "end": 135
              },
              "line": 8,
              "column": 9,
              "value": "\\n"
            }
          ]
        ]
      }
    ]
  }
]
`;

exports[`hello3.4gl 1`] = `
~~~~~~~~~~~~~~~~~~~~~~~~~~~~~~~~~~~~~~~~~~~~~~~~~~~~~~~~~~~~~~~~~~~~~~~~~~~~~~~~
[
  {
    "kind": "program",
    "value": []
  }
]
`;
