// Jest Snapshot v1, https://goo.gl/fbAQLP

exports[`array.4gl 1`] = `
main
    define lista array [5] of integer
end main


function f1() 
	define var1 array[1] of integer  
	define var1 array[1,2] of char(30)  

end function
~~~~~~~~~~~~~~~~~~~~~~~~~~~~~~~~~~~~~~~~~~~~~~~~~~~~~~~~~~~~~~~~~~~~~~~~~~~~~~~~
[
  {
    "kind": "program",
    "value": [
      {
        "kind": "function",
        "value": {
          "id": {
            "kind": "keyword",
            "value": "main",
            "offset": {
              "start": 0,
              "end": 4
            },
            "line": 1,
            "column": 1
          },
          "arguments": [],
          "block": [
            {
              "kind": "command",
              "value": [
                [
                  {
                    "kind": "keyword",
                    "value": "define",
                    "offset": {
                      "start": 9,
                      "end": 15
                    },
                    "line": 2,
                    "column": 5
                  },
                  null,
                  {
                    "kind": "identifier",
                    "value": "lista",
                    "offset": {
                      "start": 16,
                      "end": 21
                    },
                    "line": 2,
                    "column": 12
                  },
                  null,
                  "array [5] of integer"
                ]
              ],
              "offset": {
                "start": 9,
                "end": 43
              },
              "line": 2,
              "column": 5
            }
          ],
          "endFunction": [
            {
              "kind": "keyword",
              "value": "end",
              "offset": {
                "start": 43,
                "end": 46
              },
              "line": 3,
              "column": 1
            },
            null,
            {
              "kind": "keyword",
              "value": "main",
              "offset": {
                "start": 47,
                "end": 51
              },
              "line": 3,
              "column": 5
            },
            null
          ]
        },
        "offset": {
          "start": 0,
          "end": 54
        },
        "line": 1,
        "column": 1
      },
      {
        "kind": "function",
        "value": {
          "id": {
            "kind": "identifier",
            "value": "f1",
            "offset": {
              "start": 63,
              "end": 65
            },
            "line": 6,
            "column": 10
          },
          "arguments": [
            {
              "kind": "operator",
              "value": "(",
              "offset": {
                "start": 65,
                "end": 66
              },
              "line": 6,
              "column": 12
            },
            [],
            {
              "kind": "operator",
              "value": ")",
              "offset": {
                "start": 66,
                "end": 67
              },
              "line": 6,
              "column": 13
            }
          ],
          "block": [
            {
              "kind": "command",
              "value": [
                [
                  {
                    "kind": "keyword",
                    "value": "define",
                    "offset": {
                      "start": 70,
                      "end": 76
                    },
                    "line": 7,
                    "column": 2
                  },
                  null,
                  {
                    "kind": "identifier",
                    "value": "var1",
                    "offset": {
                      "start": 77,
                      "end": 81
                    },
                    "line": 7,
                    "column": 9
                  },
                  null,
                  "array[1] of integer"
                ]
              ],
              "offset": {
                "start": 67,
                "end": 105
              },
              "line": 6,
              "column": 14
            },
            {
              "kind": "command",
              "value": [
                [
                  {
                    "kind": "keyword",
                    "value": "define",
                    "offset": {
                      "start": 105,
                      "end": 111
                    },
                    "line": 8,
                    "column": 2
                  },
                  null,
                  {
                    "kind": "identifier",
                    "value": "var1",
                    "offset": {
                      "start": 112,
                      "end": 116
                    },
                    "line": 8,
                    "column": 9
                  },
                  null,
                  "array[1,2] of char(30)"
                ]
              ],
              "offset": {
                "start": 105,
                "end": 143
              },
              "line": 8,
              "column": 2
            }
          ],
          "endFunction": [
            {
              "kind": "keyword",
              "value": "end",
              "offset": {
                "start": 143,
                "end": 146
              },
              "line": 10,
              "column": 1
            },
            null,
            {
              "kind": "keyword",
              "value": "function",
              "offset": {
                "start": 147,
                "end": 155
              },
              "line": 10,
              "column": 5
            },
            null
          ]
        },
        "offset": {
          "start": 54,
          "end": 156
        },
        "line": 6,
        "column": 1
      }
    ]
  }
]
`;
